Random seed set to 42 (runs with the same seed and inputs are reproducible)
Welcome to neuron 3.0.0-dev

( 1 ) Specify dataset
( 2 ) Specify model
( 3 ) Use model
( 4 ) Discriminant function analysis
( 9 ) Quit
Menu choice: 
( 1 ) Number of input nodes: 1
( 2 ) Number of output nodes: 1
( 3 ) Load raw dataset
( 4 ) Convert a raw dataset into a training set
( 5 ) Randomize a raw dataset into training and test sets
( 6 ) Load training set
( 7 ) Save training set
( 8 ) Save scaling factors
( 9 ) Load test set
( 10 ) Save test set
( 11 ) Log dataset operations to history file: yes
( 12 ) Specify variate bounds and types
( 13 ) ROC area reporting
( 14 ) Return to main menu
Menu choice: How many input nodes? 
( 1 ) Number of input nodes: 22
( 2 ) Number of output nodes: 1
( 3 ) Load raw dataset
( 4 ) Convert a raw dataset into a training set
( 5 ) Randomize a raw dataset into training and test sets
( 6 ) Load training set
( 7 ) Save training set
( 8 ) Save scaling factors
( 9 ) Load test set
( 10 ) Save test set
( 11 ) Log dataset operations to history file: yes
( 12 ) Specify variate bounds and types
( 13 ) ROC area reporting
( 14 ) Return to main menu
Menu choice: How many output nodes? 
( 1 ) Number of input nodes: 22
( 2 ) Number of output nodes: 1
( 3 ) Load raw dataset
( 4 ) Convert a raw dataset into a training set
( 5 ) Randomize a raw dataset into training and test sets
( 6 ) Load training set
( 7 ) Save training set
( 8 ) Save scaling factors
( 9 ) Load test set
( 10 ) Save test set
( 11 ) Log dataset operations to history file: yes
( 12 ) Specify variate bounds and types
( 13 ) ROC area reporting
( 14 ) Return to main menu
Menu choice: What is the name of the raw data file? The loaded matrix has 40000 rows and 23 columns.

( 1 ) Number of input nodes: 22
( 2 ) Number of output nodes: 1
( 3 ) Load raw dataset
( 4 ) Convert a raw dataset into a training set
( 5 ) Randomize a raw dataset into training and test sets
( 6 ) Load training set
( 7 ) Save training set
( 8 ) Save scaling factors
( 9 ) Load test set
( 10 ) Save test set
( 11 ) Log dataset operations to history file: yes
( 12 ) Specify variate bounds and types
( 13 ) ROC area reporting
( 14 ) Return to main menu
Menu choice: 
Specify number of exemplars to be placed in the test set:
( 1 ) As a whole number
( 2 ) As a fraction with a numerator and denominator
( 3 ) As a decimal fraction
Menu choice: Fraction to be placed in test set = I've randomized a raw dataset into training and test sets.
The raw dataset had 40000 exemplars.
   The number of 0s in the raw dataset was 38796.
   The frequency of 0s in the raw dataset was 0.9699.
   The number of 1s in the raw dataset was 1204.
   The frequency of 1s in the raw dataset was 0.0301.
The training set has 40000 exemplars.
   The number of 0s in the training set is 38796.
   The frequency of 0s in the training set is 0.9699.
   The number of 1s in the training set is 1204.
   The frequency of 1s in the training set is 0.0301.
The test set has 0 exemplars.
   The number of 0s in the test set is 0.
   The frequency of 0s in the test set is 0.
   The number of 1s in the test set is 0.
   The frequency of 1s in the test set is 0.

Would you like to save the training set to a file (yes/no)? Would you like to save the test set to a file (yes/no)? 
( 1 ) Number of input nodes: 22
( 2 ) Number of output nodes: 1
( 3 ) Load raw dataset
( 4 ) Convert a raw dataset into a training set
( 5 ) Randomize a raw dataset into training and test sets
( 6 ) Load training set
( 7 ) Save training set
( 8 ) Save scaling factors
( 9 ) Load test set
( 10 ) Save test set
( 11 ) Log dataset operations to history file: yes
( 12 ) Specify variate bounds and types
( 13 ) ROC area reporting
( 14 ) Return to main menu
Menu choice: 
( 1 ) Specify dataset
( 2 ) Specify model
( 3 ) Use model
( 4 ) Discriminant function analysis
( 9 ) Quit
Menu choice: 
( 1 ) Bias nodes: yes
( 2 ) Number of hidden layers: 1
         Layer 1: 1 node(s)
( 3 ) Output error function: X-entropy
( 4 ) Load network from a file
( 5 ) Binary logistic regression
( 6 ) Log last operation to file: yes
( 7 ) Log to history file: yes
( 8 ) Return to main menu
Menu choice: 
( 1 ) Specify dataset
( 2 ) Specify model
( 3 ) Use model
( 4 ) Discriminant function analysis
( 9 ) Quit
Menu choice: 
( 1 ) Randomize weights
( 2 ) Set learning rate: automatic
( 3 ) Set stopping conditions
( 4 ) Set batch/epoch (currently on)
( 5 ) Set weight decay (currently off)
( 6 ) Print counter: logarithmic
( 7 ) Train model
( 8 ) Save the network to a file
( 9 ) Stepwise Regression
( 10 ) Return to main menu
Menu choice: 
( 1 ) Randomize weights
( 2 ) Set learning rate: automatic
( 3 ) Set stopping conditions
( 4 ) Set batch/epoch (currently on)
( 5 ) Set weight decay (currently off)
( 6 ) Print counter: logarithmic
( 7 ) Train model
( 8 ) Save the network to a file
( 9 ) Stepwise Regression
( 10 ) Return to main menu
Menu choice: 
( 1 ) Set maximum number of iterations: 1000000
( 2 ) Lower error limit: no
( 3 ) Limit of change in error over 1 iteration: no
( 4 ) Stop if increase over error window width: no
( 5 ) Maximum absolute gradient limit: 1e-06
( 6 ) Return to previous menu
Menu choice: What will the maximum number of iterations be? 
( 1 ) Set maximum number of iterations: 20000
( 2 ) Lower error limit: no
( 3 ) Limit of change in error over 1 iteration: no
( 4 ) Stop if increase over error window width: no
( 5 ) Maximum absolute gradient limit: 1e-06
( 6 ) Return to previous menu
Menu choice: Would you like to stop at a maximum absolute gradient limit (yes/no)? What will the maximum absolute gradient limit be? 
( 1 ) Set maximum number of iterations: 20000
( 2 ) Lower error limit: no
( 3 ) Limit of change in error over 1 iteration: no
( 4 ) Stop if increase over error window width: no
( 5 ) Maximum absolute gradient limit: 0.0001
( 6 ) Return to previous menu
Menu choice: 
( 1 ) Randomize weights
( 2 ) Set learning rate: automatic
( 3 ) Set stopping conditions
( 4 ) Set batch/epoch (currently on)
( 5 ) Set weight decay (currently off)
( 6 ) Print counter: logarithmic
( 7 ) Train model
( 8 ) Save the network to a file
( 9 ) Stepwise Regression
( 10 ) Return to main menu
Menu choice: Choose training algorithm:
( 1 ) Canonical backpropagation (gradient descent)
( 2 ) Conjugate gradient descent
( 3 ) Shanno's algorithm
Menu choice: I'm running an iterative model:
Binary logistic
22 inputs
1 output by definition
Number of exemplars in training set: 40000
Training algorithm is canonical backpropagation
Training is off-line (batch/epoch is on)
Automatic stepsize selection is on
Weight decay is off
Error checking routines in effect:
Maximum number of iterations: 20000
Stop if maximum absolute gradient decreases below 0.0001

    Iteration: X-entropy error:  Max abs grad:  CA Train %
             1     1.296408e-01   2.171393e-02        97.0
             2     1.282155e-01   2.181275e-02        97.0
             3     1.265106e-01   2.187195e-02        97.0
             4     1.248883e-01   2.185601e-02        97.0
             5     1.233416e-01   2.177202e-02        97.0
             6     1.218647e-01   2.162738e-02        97.0
             7     1.204534e-01   2.142943e-02        97.0
             8     1.191041e-01   2.118518e-02        97.0
             9     1.178142e-01   2.090115e-02        97.0
            10     1.165812e-01   2.058332e-02        97.0
            20     1.069792e-01   1.648208e-02        97.0
            30     1.011482e-01   1.234111e-02        97.1
            40     9.760480e-02   9.557165e-03        97.1
            50     9.535979e-02   8.105341e-03        97.2
            60     9.385699e-02   6.868997e-03        97.2
            70     9.279702e-02   5.835195e-03        97.2
            80     9.201567e-02   4.972763e-03        97.3
            90     9.141891e-02   4.250464e-03        97.3
           100     9.095011e-02   3.641880e-03        97.3
           200     8.898808e-02   1.547884e-03        97.4
           300     8.837783e-02   1.228614e-03        97.4
           400     8.804643e-02   1.019110e-03        97.4
           500     8.792106e-02   9.307893e-04        97.4
           600     8.781988e-02   8.552742e-04        97.4
           700     8.773431e-02   7.879947e-04        97.4
           800     8.766110e-02   7.275316e-04        97.4
           900     8.759789e-02   6.728203e-04        97.4
          1000     8.754292e-02   6.230420e-04        97.4
          2000     8.724578e-02   3.254110e-04        97.4
          3000     8.714362e-02   1.941841e-04        97.4
          4000     8.710271e-02   1.222208e-04        97.4
The maximum absolute gradient became lower than 1.0e-04.

Total iterations = 4461
That took 0000:00:40

Final X-entropy error in the training set = 8.709246e-02.
Log likelihood = -3.483698e+03

Training set:
-------------
Classification accuracy: 97.4%
Sensitivity: 29.7%
Specificity: 99.5%
Predictive value positive: 63.7%
Predictive value negative: 97.9%
Classification table for training set:
----------------------------------
         Predicted T   Predicted F
         -----------   -----------
Known T:         358           846
Known F:         204         38592
----------------------------------
By statistical method, ROC area = 0.901577
95% CI = 0.891189 - 0.911171 (SE = 0.005132, 2000 bootstrap resamples)
Chi-squared = 84774.662276
p = 0.000000e+00 (closer to 1 is better)
Operating points fitted = 39936
By trapezoidal method, ROC area = 0.902666
95% CI = 0.891100 - 0.914232 (SE = 0.005901, Hanley-McNeil)
Kolmogorov-Smirnov goodness of fit D = 0.657397, p = 0
Pearson X2 = 33975.7 (n = 40000; no valid p at the individual level - see Hosmer-Lemeshow)
Hosmer-Lemeshow goodness of fit p = 0.00372076

   Input:       Beta weight:     Std Err:    Wald p(W!=0):
-----------    -------------   ------------  -------------
          0          1.24891       0.143875            0.0
          1          1.80421       0.143457            0.0
          2         0.439472      0.0652318        1.6e-11
          3          1.17668      0.0636400            0.0
          4          1.10414        372975.            1.0
          5       -0.0983246      0.0442488          0.026
          6       0.00291736      0.0625741           0.96
          7         0.374806      0.0936284        6.3e-05
          8         0.384838      0.0704399        4.7e-08
          9          1.40580      0.0548612            0.0
         10       -0.0190965      0.0589236           0.75
         11        0.0255215      0.0743585           0.73
         12        0.0368734      0.0906445           0.68
         13         0.263583      0.0603230        1.2e-05
         14         0.191749      0.0672089         0.0043
         15         0.204575      0.0687621         0.0029
         16        -0.143657      0.0512976         0.0051
         17       -0.0986858      0.0583595          0.091
         18         0.558029       0.330764          0.092
         19       -0.0121496       0.196949           0.95
         20        -0.313714       0.161509          0.052
         21         0.127513       0.176100           0.47
y-intercept        -0.499146        335677.            1.0

Information matrix maximum eigenvalue = 6.6e+03
                    minimum eigenvalue = 3.9e-12
Condition number = 1.7e+15

Would you like to save this model (yes/no)? 
( 1 ) Randomize weights
( 2 ) Set learning rate: automatic
( 3 ) Set stopping conditions
( 4 ) Set batch/epoch (currently on)
( 5 ) Set weight decay (currently off)
( 6 ) Print counter: logarithmic
( 7 ) Train model
( 8 ) Save the network to a file
( 9 ) Stepwise Regression
( 10 ) Return to main menu
Menu choice: 
( 1 ) Specify variables
( 2 ) Stepwise reverse regression
( 3 ) Stepwise forward regression
( 4 ) Return to previous menu
Menu choice: 
( 1 ) From the command line
( 2 ) From a file
Choose: 
Variables are separated by semicolons (;),
input nodes by commas (,), and hyphens can be used
for multiple input nodes.  For example: 0-4;5,6;7;8

Enter definition of variables: 
( 1 ) Specify variables
( 2 ) Stepwise reverse regression
( 3 ) Stepwise forward regression
( 4 ) Return to previous menu
Menu choice: 
What is the smallest p-value at which variables should
stop being removed in the stepwise regression? 
Reverse regressing a Binary logistic Network:
Variable structure:
variable 0 is represented by input node(s) 0 
variable 1 is represented by input node(s) 1 
variable 2 is represented by input node(s) 2 3 
variable 3 is represented by input node(s) 4 5 6 7 
variable 4 is represented by input node(s) 8 
variable 5 is represented by input node(s) 9 
variable 6 is represented by input node(s) 10 11 12 
variable 7 is represented by input node(s) 13 14 15 
variable 8 is represented by input node(s) 16 
variable 9 is represented by input node(s) 17 
variable 10 is represented by input node(s) 18 
variable 11 is represented by input node(s) 19 
variable 12 is represented by input node(s) 20 
variable 13 is represented by input node(s) 21 

Removing variable(s) 0  = node(s) 0 :
Error prior network = 0.0870925
Error this subnetwork = 0.0880714
Chi-square = 78.3142, degrees of freedom = 1
p = 8.7888e-19

Removing variable(s) 1  = node(s) 1 :
Error prior network = 0.0870925
Error this subnetwork = 0.0893384
Chi-square = 179.67, degrees of freedom = 1
p = 5.7202e-41

Removing variable(s) 2  = node(s) 2 3 :
Error prior network = 0.0870925
Error this subnetwork = 0.0929059
Chi-square = 465.074, degrees of freedom = 2
p = 1.02415e-101

Removing variable(s) 3  = node(s) 4 5 6 7 :
Error prior network = 0.0870925
Error this subnetwork = 0.0873916
Chi-square = 23.932, degrees of freedom = 4
p = 8.24223e-05

Removing variable(s) 4  = node(s) 8 :
Error prior network = 0.0870925
Error this subnetwork = 0.0874291
Chi-square = 26.9299, degrees of freedom = 1
p = 2.10965e-07

Removing variable(s) 5  = node(s) 9 :
Error prior network = 0.0870925
Error this subnetwork = 0.0949277
Chi-square = 626.816, degrees of freedom = 1
p = 2.46188e-138

Removing variable(s) 6  = node(s) 10 11 12 :
Error prior network = 0.0870925
Error this subnetwork = 0.0870905
Chi-square = -0.161909, degrees of freedom = 3
p = 1

Removing variable(s) 7  = node(s) 13 14 15 :
Error prior network = 0.0870925
Error this subnetwork = 0.0873723
Chi-square = 22.383, degrees of freedom = 3
p = 5.42916e-05

Removing variable(s) 8  = node(s) 16 :
Error prior network = 0.0870925
Error this subnetwork = 0.0871941
Chi-square = 8.13033, degrees of freedom = 1
p = 0.00435308

Removing variable(s) 9  = node(s) 17 :
Error prior network = 0.0870925
Error this subnetwork = 0.0871257
Chi-square = 2.65595, degrees of freedom = 1
p = 0.103163

Removing variable(s) 10  = node(s) 18 :
Error prior network = 0.0870925
Error this subnetwork = 0.0870751
Chi-square = -1.38748, degrees of freedom = 1
p = 1

Removing variable(s) 11  = node(s) 19 :
Error prior network = 0.0870925
Error this subnetwork = 0.0870917
Chi-square = -0.0615125, degrees of freedom = 1
p = 1

Removing variable(s) 12  = node(s) 20 :
Error prior network = 0.0870925
Error this subnetwork = 0.0871245
Chi-square = 2.55809, degrees of freedom = 1
p = 0.109731

Removing variable(s) 13  = node(s) 21 :
Error prior network = 0.0870925
Error this subnetwork = 0.0871
Chi-square = 0.604529, degrees of freedom = 1
p = 0.436855

p-value of each removed variable in pass 0:
Variable:     p-value:
        5  2.461883e-138
        2  1.024150e-101
        1  5.720196e-41
        0  8.788805e-19
        4  2.109647e-07
        7  5.429161e-05
        3  8.242232e-05
        8  4.353077e-03
        9  1.031631e-01
       12  1.097308e-01
       13  4.368552e-01
        6  1.000000e+00
       10  1.000000e+00
       11  1.000000e+00
the largest was variable 6

p-values of all removed variables:
Variable:     p-value:
        6  1.000000e+00

Removing variable(s) 6 0  = node(s) 10 11 12 0 :
Error prior network = 8.709045e-02
Error this subnetwork = 8.809845e-02
Chi-square = 8.063944e+01, degrees of freedom = 1
p = 2.708979e-19

Removing variable(s) 6 1  = node(s) 10 11 12 1 :
Error prior network = 8.709045e-02
Error this subnetwork = 8.935016e-02
Chi-square = 1.807767e+02, degrees of freedom = 1
p = 3.279714e-41

Removing variable(s) 6 2  = node(s) 10 11 12 2 3 :
Error prior network = 8.709045e-02
Error this subnetwork = 9.290815e-02
Chi-square = 4.654156e+02, degrees of freedom = 2
p = 8.635683e-102

Removing variable(s) 6 3  = node(s) 10 11 12 4 5 6 7 :
Error prior network = 8.709045e-02
Error this subnetwork = 8.739933e-02
Chi-square = 2.470975e+01, degrees of freedom = 4
p = 5.754205e-05

Removing variable(s) 6 4  = node(s) 10 11 12 8 :
Error prior network = 8.709045e-02
Error this subnetwork = 8.742805e-02
Chi-square = 2.700797e+01, degrees of freedom = 1
p = 2.026180e-07

Removing variable(s) 6 5  = node(s) 10 11 12 9 :
Error prior network = 8.709045e-02
Error this subnetwork = 9.494337e-02
Chi-square = 6.282329e+02, degrees of freedom = 1
p = 1.211015e-138

Removing variable(s) 6 7  = node(s) 10 11 12 13 14 15 :
Error prior network = 8.709045e-02
Error this subnetwork = 8.736754e-02
Chi-square = 2.216662e+01, degrees of freedom = 3
p = 6.022541e-05

Removing variable(s) 6 8  = node(s) 10 11 12 16 :
Error prior network = 8.709045e-02
Error this subnetwork = 8.719776e-02
Chi-square = 8.584156e+00, degrees of freedom = 1
p = 3.391005e-03

Removing variable(s) 6 9  = node(s) 10 11 12 17 :
Error prior network = 8.709045e-02
Error this subnetwork = 8.712628e-02
Chi-square = 2.865717e+00, degrees of freedom = 1
p = 9.048537e-02

Removing variable(s) 6 10  = node(s) 10 11 12 18 :
Error prior network = 8.709045e-02
Error this subnetwork = 8.707468e-02
Chi-square = -1.262264e+00, degrees of freedom = 1
p = 1.000000e+00

Removing variable(s) 6 11  = node(s) 10 11 12 19 :
Error prior network = 8.709045e-02
Error this subnetwork = 8.709112e-02
Chi-square = 5.344783e-02, degrees of freedom = 1
p = 8.171689e-01

Removing variable(s) 6 12  = node(s) 10 11 12 20 :
Error prior network = 8.709045e-02
Error this subnetwork = 8.712427e-02
Chi-square = 2.705223e+00, degrees of freedom = 1
p = 1.000201e-01

Removing variable(s) 6 13  = node(s) 10 11 12 21 :
Error prior network = 8.709045e-02
Error this subnetwork = 8.710185e-02
Chi-square = 9.118025e-01, degrees of freedom = 1
p = 3.396366e-01

p-value of each removed variable in pass 1:
Variable:     p-value:
        5  1.211015e-138
        2  8.635683e-102
        1  3.279714e-41
        0  2.708979e-19
        4  2.026180e-07
        3  5.754205e-05
        7  6.022541e-05
        8  3.391005e-03
        9  9.048537e-02
       12  1.000201e-01
       13  3.396366e-01
       11  8.171689e-01
       10  1.000000e+00
the largest was variable 10

p-values of all removed variables:
Variable:     p-value:
        6  1.000000e+00
       10  1.000000e+00

Removing variable(s) 6 10 0  = node(s) 10 11 12 18 0 :
Error prior network = 8.707468e-02
Error this subnetwork = 8.807954e-02
Chi-square = 8.038883e+01, degrees of freedom = 1
p = 3.075288e-19

Removing variable(s) 6 10 1  = node(s) 10 11 12 18 1 :
Error prior network = 8.707468e-02
Error this subnetwork = 8.934929e-02
Chi-square = 1.819695e+02, degrees of freedom = 1
p = 1.800619e-41

Removing variable(s) 6 10 2  = node(s) 10 11 12 18 2 3 :
Error prior network = 8.707468e-02
Error this subnetwork = 9.290494e-02
Chi-square = 4.664211e+02, degrees of freedom = 2
p = 5.223385e-102

Removing variable(s) 6 10 3  = node(s) 10 11 12 18 4 5 6 7 :
Error prior network = 8.707468e-02
Error this subnetwork = 8.738010e-02
Chi-square = 2.443370e+01, degrees of freedom = 4
p = 6.537588e-05

Removing variable(s) 6 10 4  = node(s) 10 11 12 18 8 :
Error prior network = 8.707468e-02
Error this subnetwork = 8.741413e-02
Chi-square = 2.715621e+01, degrees of freedom = 1
p = 1.876617e-07

Removing variable(s) 6 10 5  = node(s) 10 11 12 18 9 :
Error prior network = 8.707468e-02
Error this subnetwork = 9.493596e-02
Chi-square = 6.289028e+02, degrees of freedom = 1
p = 8.658795e-139

Removing variable(s) 6 10 7  = node(s) 10 11 12 18 13 14 15 :
Error prior network = 8.707468e-02
Error this subnetwork = 8.735915e-02
Chi-square = 2.275779e+01, degrees of freedom = 3
p = 4.536011e-05

Removing variable(s) 6 10 8  = node(s) 10 11 12 18 16 :
Error prior network = 8.707468e-02
Error this subnetwork = 8.718847e-02
Chi-square = 9.103382e+00, degrees of freedom = 1
p = 2.551374e-03

Removing variable(s) 6 10 9  = node(s) 10 11 12 18 17 :
Error prior network = 8.707468e-02
Error this subnetwork = 8.711081e-02
Chi-square = 2.890609e+00, degrees of freedom = 1
p = 8.909725e-02

Removing variable(s) 6 10 11  = node(s) 10 11 12 18 19 :
Error prior network = 8.707468e-02
Error this subnetwork = 8.711365e-02
Chi-square = 3.118041e+00, degrees of freedom = 1
p = 7.742982e-02

Removing variable(s) 6 10 12  = node(s) 10 11 12 18 20 :
Error prior network = 8.707468e-02
Error this subnetwork = 8.709949e-02
Chi-square = 1.984773e+00, degrees of freedom = 1
p = 1.588885e-01

Removing variable(s) 6 10 13  = node(s) 10 11 12 18 21 :
Error prior network = 8.707468e-02
Error this subnetwork = 8.710445e-02
Chi-square = 2.382171e+00, degrees of freedom = 1
p = 1.227269e-01

p-value of each removed variable in pass 2:
Variable:     p-value:
        5  8.658795e-139
        2  5.223385e-102
        1  1.800619e-41
        0  3.075288e-19
        4  1.876617e-07
        7  4.536011e-05
        3  6.537588e-05
        8  2.551374e-03
       11  7.742982e-02
        9  8.909725e-02
       13  1.227269e-01
       12  1.588885e-01
the largest was variable 12

p-values of all removed variables:
Variable:     p-value:
       12  1.588885e-01
        6  1.000000e+00
       10  1.000000e+00

Removing variable(s) 6 10 12 0  = node(s) 10 11 12 18 20 0 :
Error prior network = 8.709949e-02
Error this subnetwork = 8.810593e-02
Chi-square = 8.051552e+01, degrees of freedom = 1
p = 2.884309e-19

Removing variable(s) 6 10 12 1  = node(s) 10 11 12 18 20 1 :
Error prior network = 8.709949e-02
Error this subnetwork = 8.939227e-02
Chi-square = 1.834230e+02, degrees of freedom = 1
p = 8.671212e-42

Removing variable(s) 6 10 12 2  = node(s) 10 11 12 18 20 2 3 :
Error prior network = 8.709949e-02
Error this subnetwork = 9.291659e-02
Chi-square = 4.653680e+02, degrees of freedom = 2
p = 8.843429e-102

Removing variable(s) 6 10 12 3  = node(s) 10 11 12 18 20 4 5 6 7 :
Error prior network = 8.709949e-02
Error this subnetwork = 8.740584e-02
Chi-square = 2.450846e+01, degrees of freedom = 4
p = 6.315542e-05

Removing variable(s) 6 10 12 4  = node(s) 10 11 12 18 20 8 :
Error prior network = 8.709949e-02
Error this subnetwork = 8.743965e-02
Chi-square = 2.721356e+01, degrees of freedom = 1
p = 1.821761e-07

Removing variable(s) 6 10 12 5  = node(s) 10 11 12 18 20 9 :
Error prior network = 8.709949e-02
Error this subnetwork = 9.495378e-02
Chi-square = 6.283432e+02, degrees of freedom = 1
p = 1.145942e-138

Removing variable(s) 6 10 12 7  = node(s) 10 11 12 18 20 13 14 15 :
Error prior network = 8.709949e-02
Error this subnetwork = 8.737712e-02
Chi-square = 2.221078e+01, degrees of freedom = 3
p = 5.896433e-05

Removing variable(s) 6 10 12 8  = node(s) 10 11 12 18 20 16 :
Error prior network = 8.709949e-02
Error this subnetwork = 8.721286e-02
Chi-square = 9.070177e+00, degrees of freedom = 1
p = 2.598120e-03

Removing variable(s) 6 10 12 9  = node(s) 10 11 12 18 20 17 :
Error prior network = 8.709949e-02
Error this subnetwork = 8.713433e-02
Chi-square = 2.787494e+00, degrees of freedom = 1
p = 9.500268e-02

Removing variable(s) 6 10 12 11  = node(s) 10 11 12 18 20 19 :
Error prior network = 8.709949e-02
Error this subnetwork = 8.712668e-02
Chi-square = 2.175817e+00, degrees of freedom = 1
p = 1.401950e-01

Removing variable(s) 6 10 12 13  = node(s) 10 11 12 18 20 21 :
Error prior network = 8.709949e-02
Error this subnetwork = 8.711475e-02
Chi-square = 1.220931e+00, degrees of freedom = 1
p = 2.691780e-01

p-value of each removed variable in pass 3:
Variable:     p-value:
        5  1.145942e-138
        2  8.843429e-102
        1  8.671212e-42
        0  2.884309e-19
        4  1.821761e-07
        7  5.896433e-05
        3  6.315542e-05
        8  2.598120e-03
        9  9.500268e-02
       11  1.401950e-01
       13  2.691780e-01
the largest was variable 13

p-values of all removed variables:
Variable:     p-value:
       12  1.588885e-01
       13  2.691780e-01
        6  1.000000e+00
       10  1.000000e+00

Removing variable(s) 6 10 12 13 0  = node(s) 10 11 12 18 20 21 0 :
Error prior network = 8.711475e-02
Error this subnetwork = 8.813294e-02
Chi-square = 8.145560e+01, degrees of freedom = 1
p = 1.792439e-19

Removing variable(s) 6 10 12 13 1  = node(s) 10 11 12 18 20 21 1 :
Error prior network = 8.711475e-02
Error this subnetwork = 8.941980e-02
Chi-square = 1.844042e+02, degrees of freedom = 1
p = 5.295087e-42

Removing variable(s) 6 10 12 13 2  = node(s) 10 11 12 18 20 21 2 3 :
Error prior network = 8.711475e-02
Error this subnetwork = 9.291998e-02
Chi-square = 4.644183e+02, degrees of freedom = 2
p = 1.421829e-101

Removing variable(s) 6 10 12 13 3  = node(s) 10 11 12 18 20 21 4 5 6 7 :
Error prior network = 8.711475e-02
Error this subnetwork = 8.742533e-02
Chi-square = 2.484661e+01, degrees of freedom = 4
p = 5.401166e-05

Removing variable(s) 6 10 12 13 4  = node(s) 10 11 12 18 20 21 8 :
Error prior network = 8.711475e-02
Error this subnetwork = 8.746122e-02
Chi-square = 2.771822e+01, degrees of freedom = 1
p = 1.403351e-07

Removing variable(s) 6 10 12 13 5  = node(s) 10 11 12 18 20 21 9 :
Error prior network = 8.711475e-02
Error this subnetwork = 9.497778e-02
Chi-square = 6.290428e+02, degrees of freedom = 1
p = 8.072593e-139

Removing variable(s) 6 10 12 13 7  = node(s) 10 11 12 18 20 21 13 14 15 :
Error prior network = 8.711475e-02
Error this subnetwork = 8.739564e-02
Chi-square = 2.247132e+01, degrees of freedom = 3
p = 5.204081e-05

Removing variable(s) 6 10 12 13 8  = node(s) 10 11 12 18 20 21 16 :
Error prior network = 8.711475e-02
Error this subnetwork = 8.722892e-02
Chi-square = 9.133459e+00, degrees of freedom = 1
p = 2.509767e-03

Removing variable(s) 6 10 12 13 9  = node(s) 10 11 12 18 20 21 17 :
Error prior network = 8.711475e-02
Error this subnetwork = 8.714995e-02
Chi-square = 2.816155e+00, degrees of freedom = 1
p = 9.331972e-02

Removing variable(s) 6 10 12 13 11  = node(s) 10 11 12 18 20 21 19 :
Error prior network = 8.711475e-02
Error this subnetwork = 8.722996e-02
Chi-square = 9.216862e+00, degrees of freedom = 1
p = 2.397963e-03

p-value of each removed variable in pass 4:
Variable:     p-value:
        5  8.072593e-139
        2  1.421829e-101
        1  5.295087e-42
        0  1.792439e-19
        4  1.403351e-07
        7  5.204081e-05
        3  5.401166e-05
       11  2.397963e-03
        8  2.509767e-03
        9  9.331972e-02
the largest was variable 9

p-values of all removed variables:
Variable:     p-value:
        9  9.331972e-02
       12  1.588885e-01
       13  2.691780e-01
        6  1.000000e+00
       10  1.000000e+00

Removing variable(s) 6 10 12 13 9 0  = node(s) 10 11 12 18 20 21 17 0 :
Error prior network = 8.714995e-02
Error this subnetwork = 8.818000e-02
Chi-square = 8.240397e+01, degrees of freedom = 1
p = 1.109306e-19

Removing variable(s) 6 10 12 13 9 1  = node(s) 10 11 12 18 20 21 17 1 :
Error prior network = 8.714995e-02
Error this subnetwork = 8.946888e-02
Chi-square = 1.855144e+02, degrees of freedom = 1
p = 3.030357e-42

Removing variable(s) 6 10 12 13 9 2  = node(s) 10 11 12 18 20 21 17 2 3 :
Error prior network = 8.714995e-02
Error this subnetwork = 9.292727e-02
Chi-square = 4.621857e+02, degrees of freedom = 2
p = 4.341650e-101

Removing variable(s) 6 10 12 13 9 3  = node(s) 10 11 12 18 20 21 17 4 5 6 7 :
Error prior network = 8.714995e-02
Error this subnetwork = 8.745837e-02
Chi-square = 2.467406e+01, degrees of freedom = 4
p = 5.849993e-05

Removing variable(s) 6 10 12 13 9 4  = node(s) 10 11 12 18 20 21 17 8 :
Error prior network = 8.714995e-02
Error this subnetwork = 8.749538e-02
Chi-square = 2.763417e+01, degrees of freedom = 1
p = 1.465667e-07

Removing variable(s) 6 10 12 13 9 5  = node(s) 10 11 12 18 20 21 17 9 :
Error prior network = 8.714995e-02
Error this subnetwork = 9.499202e-02
Chi-square = 6.273660e+02, degrees of freedom = 1
p = 1.869389e-138

Removing variable(s) 6 10 12 13 9 7  = node(s) 10 11 12 18 20 21 17 13 14 15 :
Error prior network = 8.714995e-02
Error this subnetwork = 8.742707e-02
Chi-square = 2.216976e+01, degrees of freedom = 3
p = 6.013513e-05

Removing variable(s) 6 10 12 13 9 8  = node(s) 10 11 12 18 20 21 17 16 :
Error prior network = 8.714995e-02
Error this subnetwork = 8.725811e-02
Chi-square = 8.652846e+00, degrees of freedom = 1
p = 3.265508e-03

Removing variable(s) 6 10 12 13 9 11  = node(s) 10 11 12 18 20 21 17 19 :
Error prior network = 8.714995e-02
Error this subnetwork = 8.726472e-02
Chi-square = 9.181518e+00, degrees of freedom = 1
p = 2.444712e-03

p-value of each removed variable in pass 5:
Variable:     p-value:
        5  1.869389e-138
        2  4.341650e-101
        1  3.030357e-42
        0  1.109306e-19
        4  1.465667e-07
        3  5.849993e-05
        7  6.013513e-05
       11  2.444712e-03
        8  3.265508e-03
the largest was variable 8
All values were less than the threshold p = 5.000000e-02

p-values of all removed variables:
Variable:     p-value:
        9  9.331972e-02
       12  1.588885e-01
       13  2.691780e-01
        6  1.000000e+00
       10  1.000000e+00

Reverse stepwise regression complete.
Variables removed, in order: 6, 10, 12, 13, 9
Final retained variables: 0, 1, 2, 3, 4, 5, 7, 8, 11

( 1 ) Specify variables
( 2 ) Stepwise reverse regression
( 3 ) Stepwise forward regression
( 4 ) Return to previous menu
Menu choice: 
( 1 ) Randomize weights
( 2 ) Set learning rate: automatic
( 3 ) Set stopping conditions
( 4 ) Set batch/epoch (currently on)
( 5 ) Set weight decay (currently off)
( 6 ) Print counter: logarithmic
( 7 ) Train model
( 8 ) Save the network to a file
( 9 ) Stepwise Regression
( 10 ) Return to main menu
Menu choice: 
( 1 ) Specify dataset
( 2 ) Specify model
( 3 ) Use model
( 4 ) Discriminant function analysis
( 9 ) Quit
Menu choice: Are you sure you want to quit (yes/no)? 
Thank you for using neuron 3.0
